// Jest Snapshot v1, https://goo.gl/fbAQLP

exports[`first Debe de hacer match con el snapshot 1`] = `
<div>
  <div
    class="card"
  >
    <img
      alt="Titulo"
      src="https://urlstring.com/"
    />
    <p>
      Titulo
    </p>
  </div>
</div>
`;
